                        ; --------------------------------------
                        ; zasm: assemble "out.asm"
                        ; date: 2025-02-12 12:43:00
                        ; --------------------------------------


                        PORTA = $0000
                        PORTB = $0001
                        CMDA	= $0002
                        CMDB	= $0003
                        
                        
0000:                   				.org $0000
                        			
0000: 3ECF     [ 7]     				ld a,%11001111
0002: D302     [18]     				out CMDA,a
                        
0004: 3E00     [25]     				ld a,$00
0006: D302     [36]     				out CMDA,a
                        
0008: 3E07     [43]     				ld a,%00000111
000A: D302     [54]     				out CMDA,a
                        
000C: 3EAA     [61]     				ld a,$AA
000E: D300     [72]     				out PORTA,a
                        
                        				.org $7FFF
7FFF: 00                				.db $00


; +++ segments +++

#CODE          = $0000 =     0,  size = $8000 = 32768

; +++ global symbols +++

CMDA    = $0002 =     2          out.asm:3
CMDB    = $0003 =     3          out.asm:4 (unused)
PORTA   = $0000 =     0          out.asm:1
PORTB   = $0001 =     1          out.asm:2 (unused)
_end    = $8000 = 32768          out.asm:7 (unused)
_size   = $8000 = 32768          out.asm:7 (unused)


total time: 0.0028 sec.
no errors
