                        ; --------------------------------------
                        ; zasm: assemble "test.asm"
                        ; date: 2025-07-31 17:28:21
                        ; --------------------------------------


                        SIO = %00000010
                        
0000:                           .org $0000
                        
0000: 3E05     [ 7]             ld a, %00000101       ; Select WR5
0002: D302     [18]             out (SIO), a
0004: 3E00     [25]             ld a, %00000000       ; Clear DTR (bit 7)
0006: D302     [36]             out (SIO), a
0008:                   loop:
0008: C30800   [10]             jp loop
                        
000B: FFFFFFFF                  DS 32768 - $
000F: FF...             


; +++ segments +++

#CODE          = $0000 =     0,  size = $8000 = 32768

; +++ global symbols +++

SIO     = $0002 =     2          test.asm:1
_end    = $8000 = 32768          test.asm:3 (unused)
_size   = $8000 = 32768          test.asm:3 (unused)
loop    = $0008 =     8          test.asm:9


total time: 0.0009 sec.
no errors
