                        ; --------------------------------------
                        ; zasm: assemble "blink.asm"
                        ; date: 2025-08-05 18:09:30
                        ; --------------------------------------


0002:                   SIO = %00000010
                        
0000:                           .org $0000
0000:                   on:
0000: 3E05     [ 7]     				ld a, %00000101
0002: D302     [18]     				out (SIO), a 
                        
0004: 3E80     [25]     				ld a, %10000000
0006: D302     [36]     				out (SIO), a
                        
0008: CD1900   [53]     				call delay
                        
000B:                   off:
000B: 3E05     [ 7]     				ld a, %00000101
000D: D302     [18]     				out (SIO), a
                        
000F: 3E00     [25]     				ld a, %00000000
0011: D302     [36]     				out (SIO), a
                        
0013: CD1900   [53]     				call delay
                        				
0016: C30000   [63]     				jp on
                        
0019:                   delay:
0019: 01FFFF   [10]     				ld bc, $FFFF
                        				;ld e, 32
001C:                   loop:
001C: 0B       [ 6]     				dec bc
001D: 78       [10]     				ld a, b
001E: B1       [14]             or c
                        				;jp nz, loop
                        				;dec e
001F: C8       [19|25]  				ret z
                        				;ld bc, $FFFF
0020: C31C00   [29]     				jp loop
                        
                        
0023: FFFFFFFF                  DS 32768 - $
0027: FF...             


; +++ segments +++

#CODE          = $0000 =     0,  size = $8000 = 32768

; +++ global symbols +++

SIO     = $0002 =     2          blink.asm:1
_end    = $8000 = 32768          blink.asm:3 (unused)
_size   = $8000 = 32768          blink.asm:3 (unused)
delay   = $0019 =    25          blink.asm:24
loop    = $001C =    28          blink.asm:27
off     = $000B =    11          blink.asm:13 (unused)
on      = $0000 =     0          blink.asm:4


total time: 0.0011 sec.
no errors
