                        ; --------------------------------------
                        ; zasm: assemble "countdown.asm"
                        ; date: 2025-08-08 11:33:03
                        ; --------------------------------------


                        ;+-- Symbols ---
                        ; Only Port A is hooked up
                        DATA = %00000000
                        CMD	= %00000010
                        ;---
                        
                        ;+-- Reset --- 
0000:                           .org $0000
                        
0000:                   reset:
0000: 3E03     [ 7]     				ld a, %00000011       ; Select WR3
0002: D302     [18]             out (CMD), a
0004: 3EC1     [25]             ld a, %11000001
                        				;      ││     └─────── Rx Enable
                        				;      └┴───────────── 8 bits per character
0006: D302     [36]             out (CMD), a
                        
0008: 3E04     [43]             ld a, %00000100       ; Select WR4
000A: D302     [54]             out (CMD), a
000C: 3E47     [61]             ld a, %01000111
                        				;      │││││││└─────── Parity Enable
                        				;      ││││││└──────── Parity Even
                        				;      ││││└┴───────── 1 Stop Bit
                        				;      ││└┴─────────── Sync Mode Disable
                        				;      └┴───────────── X32 Clock Mode 
000E: D302     [72]             out (CMD), a
                        
0010: 3E05     [79]     				ld a, %00000101       ; Select WR5
0012: D302     [90]             out (CMD), a
0014: 3E68     [97]             ld a, %01101000
                        				;       ││ └────────── Tx Enable
                        				;       └┴──────────── 8 bits per character 
0016: D302     [108]            out (CMD), a 
                        
0018: 79       [112]    				ld a, c
0019: D300     [123]    				out (DATA), a
001B: 0B       [129]       		 	dec bc      ; 6
                        				
001C: 00       [133]    				nop
001D: 00       [137]    				nop
001E: 00       [141]    				nop
001F: 00       [145]    				nop
0020: 00       [149]    				nop
0021: 00       [153]    				nop
0022: 00       [157]    				nop
0023: 00       [161]    				nop
0024: 00       [165]    				nop
0025: 00       [169]    				nop
0026: 00       [173]    				nop
0027: 00       [177]    				nop
0028: 00       [181]    				nop
0029: 00       [185]    				nop
002A: 00       [189]    				nop
002B: 00       [193]    				nop
002C: 00       [197]    				nop
002D: 00       [201]    				nop
002E: 00       [205]    				nop
002F: 00       [209]    				nop
0030: 00       [213]    				nop
0031: 00       [217]    				nop
0032: 00       [221]    				nop
0033: 00       [225]    				nop
0034: 00       [229]    				nop
0035: 00       [233]    				nop
0036: 00       [237]    				nop
0037: 00       [241]    				nop
0038: 00       [245]    				nop
0039: 00       [249]    				nop
003A: 00       [253]    				nop
003B: 00       [257]    				nop
003C: 00       [261]    				nop
003D: 00       [265]    				nop
003E: 00       [269]    				nop
003F: 00       [273]    				nop
0040: 00       [277]    				nop
0041: 00       [281]    				nop
0042: 00       [285]    				nop
0043: 00       [289]    				nop
0044: 00       [293]    				nop
0045: 00       [297]    				nop
0046: 00       [301]    				nop
0047: 00       [305]    				nop
0048: 00       [309]    				nop
0049: 00       [313]    				nop
004A: 00       [317]    				nop
004B: 00       [321]    				nop
004C: 00       [325]    				nop
004D: 00       [329]    				nop
004E: 00       [333]    				nop
                        
                        				
004F: C30000   [343]    				jp reset
                        
                        ;---
                        
                        ;+-- Subroutines 
                        
                        ;---
0052: FFFFFFFF                  DS 32768 - $
0056: FF...             


; +++ segments +++

#CODE          = $0000 =     0,  size = $8000 = 32768

; +++ global symbols +++

CMD     = $0002 =     2          countdown.asm:4
DATA    = $0000 =     0          countdown.asm:3
_end    = $8000 = 32768          countdown.asm:8 (unused)
_size   = $8000 = 32768          countdown.asm:8 (unused)
reset   = $0000 =     0          countdown.asm:10


total time: 0.0011 sec.
no errors
