                        ; --------------------------------------
                        ; zasm: assemble "ser.asm"
                        ; date: 2025-08-06 13:28:16
                        ; --------------------------------------


                        ;+-- Symbols ---
                        ; Only Port A is hooked up
                        DATA = %00000000
                        CMD	= %00000010
                        ;---
                        
                        ;+-- Reset --- 
0000:                           .org $0000
                        
                        ;loop:
0000: 3E03     [ 7]     				ld a, %00000011       ; Select WR3
0002: D302     [18]             out (CMD), a
0004: 3EC1     [25]             ld a, %11000001
                        				;      ││     └─────── Rx Enable
                        				;      └┴───────────── 8 bits per character
0006: D302     [36]             out (CMD), a
                        
0008: 3E04     [43]             ld a, %00000100       ; Select WR4
000A: D302     [54]             out (CMD), a
000C: 3E87     [61]             ld a, %10000111
                        				;      ││││   └─────── Parity Disable
                        				;      				
                        				;      ││└┴───────── Sync Mode Disable
                        				;      └┴───────────── X32 Clock Mode 
000E: D302     [72]             out (CMD), a
                        
0010: 3E05     [79]     				ld a, %00000101       ; Select WR5
0012: D302     [90]             out (CMD), a
0014: 3E68     [97]             ld a, %01101000
                        				;       ││ └────────── Tx Enable
                        				;       └┴──────────── 8 bits per character 
0016: D302     [108]            out (CMD), a 
                        				
0018:                   loop:
0018: 3E61     [ 7]     				ld a, $61
001A: 00       [11]     				nop
001B: 00       [15]     				nop
001C: 00       [19]     				nop
001D: 00       [23]     				nop
001E: 00       [27]     												nop
001F: 00       [31]     				nop
0020: 00       [35]     				nop
0021: 00       [39]     				nop
0022: 00       [43]     				nop
0023: 00       [47]     				nop
0024: 00       [51]     				nop
0025: 00       [55]     				nop
0026: 00       [59]     				nop
0027: 00       [63]     				nop
0028: 00       [67]     				nop
0029: 00       [71]     				nop
002A: 00       [75]     				nop
002B: 00       [79]     				nop
002C: 00       [83]     				nop
002D: 00       [87]     				nop
002E: 00       [91]     				nop
002F: 00       [95]     				nop
0030: 00       [99]     				nop
0031: 00       [103]    				nop
0032: 00       [107]    				nop
0033: 00       [111]    				nop
0034: 00       [115]    				nop
0035: 00       [119]    				nop	
0036: 00       [123]    				nop
0037: 00       [127]    				nop
0038: 00       [131]    				nop
0039: 00       [135]    				nop
003A: 00       [139]    				nop
003B: 00       [143]    				nop
003C: 00       [147]    				nop
003D: 00       [151]    				nop
003E: 00       [155]    				nop
003F: 00       [159]    				nop
0040: 00       [163]    				nop
0041: 00       [167]    				nop
0042: 00       [171]    				nop
0043: 00       [175]    				nop
0044: 00       [179]    				nop
0045: 00       [183]    				nop
0046: 00       [187]    				nop
0047: 00       [191]    				nop
0048: 00       [195]    				nop
0049: 00       [199]    				nop
004A: 00       [203]    				nop
004B: 00       [207]    				nop
004C: 00       [211]    				nop		
004D: 00       [215]    				nop
004E: 00       [219]    				nop
004F: 00       [223]    				nop
0050: 00       [227]    				nop
0051: 00       [231]    				nop
0052: 00       [235]    				nop
0053: 00       [239]    				nop
0054: 00       [243]    				nop
0055: 00       [247]    				nop
0056: 00       [251]    				nop
0057: 00       [255]    				nop
0058: 00       [259]    				nop
0059: 00       [263]    				nop
005A: 00       [267]    				nop
005B: 00       [271]    				nop
005C: 00       [275]    				nop
005D: 00       [279]    				nop
005E: 00       [283]    				nop
005F: 00       [287]    				nop
0060: 00       [291]    				nop
0061: 00       [295]    				nop
0062: 00       [299]    				nop
0063: 00       [303]    				nop	
0064: 00       [307]    				nop
0065: 00       [311]    				nop
0066: 00       [315]    				nop
0067: 00       [319]    				nop
0068: 00       [323]    				nop
0069: 00       [327]    				nop
006A: 00       [331]    				nop
006B: 00       [335]    				nop
006C: 00       [339]    				nop
006D: 00       [343]    				nop
006E: 00       [347]    				nop
006F: 00       [351]    				nop
0070: 00       [355]    				nop
0071: 00       [359]    				nop
0072: 00       [363]    				nop
0073: 00       [367]    				nop
0074: 00       [371]    				nop
0075: 00       [375]    				nop
0076: 00       [379]    				nop
0077: 00       [383]    				nop
0078: 00       [387]    				nop
0079: 00       [391]    				nop
007A: 00       [395]    				nop		
007B: 00       [399]    				nop
007C: 00       [403]    				nop
007D: 00       [407]    				nop
007E: 00       [411]    				nop
007F: 00       [415]    				nop
0080: 00       [419]    				nop
0081: 00       [423]    				nop
0082: 00       [427]    				nop
0083: 00       [431]    				nop
0084: 00       [435]    				nop
0085: 00       [439]    				nop
0086: 00       [443]    				nop
0087: 00       [447]    				nop
0088: 00       [451]    				nop
0089: 00       [455]    				nop
008A: 00       [459]    				nop
008B: 00       [463]    				nop
008C: 00       [467]    				nop
008D: 00       [471]    				nop
008E: 00       [475]    				nop
008F: 00       [479]    				nop
0090: 00       [483]    				nop
0091: 00       [487]    				nop		
0092: 00       [491]    				nop
0093: 00       [495]    				nop
0094: 00       [499]    				nop
0095: 00       [503]    				nop
0096: 00       [507]    				nop
0097: 00       [511]    				nop
0098: 00       [515]    				nop
0099: 00       [519]    				nop
009A: 00       [523]    				nop
009B: 00       [527]    				nop
009C: 00       [531]    				nop
009D: 00       [535]    				nop
009E: 00       [539]    				nop
009F: 00       [543]    				nop
00A0: 00       [547]    				nop
00A1: 00       [551]    				nop
00A2: 00       [555]    				nop
00A3: 00       [559]    				nop
00A4: 00       [563]    				nop
00A5: 00       [567]    				nop
00A6: 00       [571]    				nop
00A7: 00       [575]    				nop
00A8: 00       [579]    				nop	
00A9: 00       [583]    				nop
00AA: 00       [587]    				nop
00AB: 00       [591]    				nop
00AC: 00       [595]    				nop
00AD: 00       [599]    				nop
00AE: 00       [603]    				nop
00AF: 00       [607]    				nop
00B0: 00       [611]    				nop
00B1: 00       [615]    				nop
00B2: 00       [619]    				nop
00B3: 00       [623]    				nop
00B4: 00       [627]    				nop
00B5: 00       [631]    				nop
00B6: 00       [635]    				nop
00B7: 00       [639]    				nop
00B8: 00       [643]    				nop
00B9: 00       [647]    				nop
00BA: 00       [651]    				nop
00BB: 00       [655]    				nop
00BC: 00       [659]    				nop
00BD: 00       [663]    				nop
00BE: 00       [667]    				nop
00BF: 00       [671]    				nop	
00C0: 00       [675]    				nop
00C1: 00       [679]    				nop
00C2: 00       [683]    				nop
00C3: 00       [687]    				nop
00C4: 00       [691]    				nop
00C5: 00       [695]    				nop
00C6: 00       [699]    				nop
00C7: 00       [703]    				nop
00C8: 00       [707]    				nop
00C9: 00       [711]    				nop
00CA: 00       [715]    				nop
00CB: 00       [719]    				nop
00CC: 00       [723]    				nop
00CD: 00       [727]    				nop
00CE: 00       [731]    				nop
00CF: 00       [735]    				nop
00D0: 00       [739]    				nop
00D1: 00       [743]    				nop
00D2: 00       [747]    				nop
00D3: 00       [751]    				nop
00D4: 00       [755]    				nop
00D5: 00       [759]    				nop
00D6: 00       [763]    				nop	
00D7: 00       [767]    				nop
00D8: 00       [771]    				nop
00D9: 00       [775]    				nop
00DA: 00       [779]    				nop
00DB: 00       [783]    				nop
00DC: 00       [787]    				nop
00DD: 00       [791]    				nop
00DE: 00       [795]    				nop
00DF: 00       [799]    				nop
00E0: 00       [803]    				nop
00E1: 00       [807]    				nop
00E2: 00       [811]    				nop
00E3: 00       [815]    				nop
00E4: 00       [819]    				nop
00E5: 00       [823]    				nop
00E6: 00       [827]    				nop
00E7: 00       [831]    				nop
00E8: 00       [835]    				nop
00E9: 00       [839]    				nop
00EA: 00       [843]    				nop
00EB: 00       [847]    				nop
00EC: 00       [851]    				nop
00ED: 00       [855]    				nop
00EE: 00       [859]    				nop
00EF: 00       [863]    				nop
00F0: 00       [867]    				nop
00F1: 00       [871]    				nop
00F2: 00       [875]    				nop
00F3: 00       [879]    				nop
00F4: 00       [883]    				nop
00F5: 00       [887]    				nop
00F6: 00       [891]    				nop
00F7: 00       [895]    				nop
00F8: 00       [899]    				nop
00F9: 00       [903]    				nop
00FA: 00       [907]    				nop
00FB: 00       [911]    				nop
00FC: 00       [915]    				nop
00FD: 00       [919]    				nop
00FE: 00       [923]    				nop
00FF: 00       [927]    				nop
0100: 00       [931]    				nop
0101: 00       [935]    				nop
0102: 00       [939]    				nop
0103: 00       [943]    				nop
0104: 00       [947]    				nop
0105: 00       [951]    				nop
0106: 00       [955]    				nop
0107: 00       [959]    				nop
0108: 00       [963]    				nop
0109: 00       [967]    				nop
010A: 00       [971]    				nop
010B: 00       [975]    				nop
010C: 00       [979]    				nop
010D: 00       [983]    				nop
010E: 00       [987]    				nop
010F: 00       [991]    				nop
0110: 00       [995]    				nop
0111: 00       [999]    				nop
0112: 00       [1003]   				nop
0113: 00       [1007]   				nop
0114: 00       [1011]   				nop
0115: 00       [1015]   				nop
0116: 00       [1019]   				nop
0117: 00       [1023]   				nop
0118: 00       [1027]   				nop
0119: 00       [1031]   				nop
011A: 00       [1035]   				nop
011B: 00       [1039]   				nop
011C: 00       [1043]   				nop
011D: 00       [1047]   				nop
011E: 00       [1051]   				nop
011F: D300     [1062]   				out (DATA), a
                        			
0121: C31800   [1072]   				jp loop
                        ;---
                        
                        ;+-- Subroutines 
                        ;---
0124: FFFFFFFF                  DS 32768 - $
0128: FF...             
                        
                        				;weirdness
                        				;a -> aX
                        				;3 -> 3f f is 3 shl 1
                        				;O -> Oz z is O rol 3


; +++ segments +++

#CODE          = $0000 =     0,  size = $8000 = 32768

; +++ global symbols +++

CMD     = $0002 =     2          ser.asm:4
DATA    = $0000 =     0          ser.asm:3
_end    = $8000 = 32768          ser.asm:8 (unused)
_size   = $8000 = 32768          ser.asm:8 (unused)
loop    = $0018 =    24          ser.asm:34


total time: 0.0022 sec.
no errors
